{
    "dtype": "uint8",
    "types": "",
    "output.weight": {
        "shape": "[  192 32000]",
        "dtype": "Q8_0"
    },
    "output_norm.weight": {
        "shape": "[192]",
        "dtype": "F32"
    },
    "token_embd.weight": {
        "shape": "[  192 32000]",
        "dtype": "Q4_0"
    },
    "blk.0.attn_k.weight": {
        "shape": "[192  96]",
        "dtype": "Q4_0"
    },
    "blk.0.attn_norm.weight": {
        "shape": "[192]",
        "dtype": "F32"
    },
    "blk.0.attn_output.weight": {
        "shape": "[192 192]",
        "dtype": "Q4_0"
    },
    "blk.0.attn_q.weight": {
        "shape": "[192 192]",
        "dtype": "Q4_0"
    },
    "blk.0.attn_v.weight": {
        "shape": "[192  96]",
        "dtype": "Q4_0"
    },
    "blk.0.ffn_down.weight": {
        "shape": "[1024 192]",
        "dtype": "Q4_0"
    },
    "blk.0.ffn_gate.weight": {
        "shape": "[ 192 1024]",
        "dtype": "Q4_0"
    },
    "blk.0.ffn_norm.weight": {
        "shape": "[192]",
        "dtype": "F32"
    },
    "blk.0.ffn_up.weight": {
        "shape": "[256 768]",
        "dtype": "Q4_0"
    },
    "blk.1.attn_k.weight": {
        "shape": "[ 192 1024]",
        "dtype": "Q4_0"
    },
    "blk.1.attn_norm.weight": {
        "shape": "[256]",
        "dtype": "F32"
    },
    "blk.1.attn_output.weight": {
        "shape": "[256 256]",
        "dtype": "Q4_0"
    },
    "blk.1.attn_q.weight": {
        "shape": "[256 256]",
        "dtype": "Q4_0"
    },
    "blk.1.attn_v.weight": {
        "shape": "[256 128]",
        "dtype": "Q4_0"
    },
    "blk.1.ffn_down.weight": {
        "shape": "[768 256]",
        "dtype": "Q4_0"
    },
    "blk.1.ffn_gate.weight": {
        "shape": "[256 768]",
        "dtype": "Q4_0"
    },
    "blk.1.ffn_norm.weight": {
        "shape": "[256]",
        "dtype": "F32"
    },
    "blk.1.ffn_up.weight": {
        "shape": "[256 768]",
        "dtype": "Q4_0"
    },
    "blk.2.attn_k.weight": {
        "shape": "[256 128]",
        "dtype": "Q4_0"
    },
    "blk.2.attn_norm.weight": {
        "shape": "[256]",
        "dtype": "F32"
    },
    "blk.2.attn_output.weight": {
        "shape": "[256 256]",
        "dtype": "Q4_0"
    },
    "blk.2.attn_q.weight": {
        "shape": "[256 256]",
        "dtype": "Q4_0"
    },
    "blk.2.attn_v.weight": {
        "shape": "[256 128]",
        "dtype": "Q4_0"
    },
    "blk.2.ffn_down.weight": {
        "shape": "[768 256]",
        "dtype": "Q4_0"
    },
    "blk.2.ffn_gate.weight": {
        "shape": "[256 768]",
        "dtype": "Q4_0"
    },
    "blk.2.ffn_norm.weight": {
        "shape": "[256]",
        "dtype": "F32"
    },
    "blk.2.ffn_up.weight": {
        "shape": "[256 768]",
        "dtype": "Q4_0"
    },
    "blk.3.attn_k.weight": {
        "shape": "[256 128]",
        "dtype": "Q4_0"
    },
    "blk.3.attn_norm.weight": {
        "shape": "[256]",
        "dtype": "F32"
    },
    "blk.3.attn_output.weight": {
        "shape": "[256 256]",
        "dtype": "Q4_0"
    },
    "blk.3.attn_q.weight": {
        "shape": "[256 256]",
        "dtype": "Q4_0"
    },
    "blk.3.attn_v.weight": {
        "shape": "[256 128]",
        "dtype": "Q4_0"
    },
    "blk.3.ffn_down.weight": {
        "shape": "[768 256]",
        "dtype": "Q4_0"
    },
    "blk.3.ffn_gate.weight": {
        "shape": "[256 768]",
        "dtype": "Q4_0"
    },
    "blk.3.ffn_norm.weight": {
        "shape": "[256]",
        "dtype": "F32"
    },
    "blk.3.ffn_up.weight": {
        "shape": "[256 768]",
        "dtype": "Q4_0"
    }
}