{
    "dummy_param": {
        "dtype": "F32",
        "shape": [
            1
        ],
        "data_offsets": [
            0,
            4
        ]
    }
}